2026-09-02 17:46:44.112: [INFO] CurrentProfilePath: C:\Users\Video\Documents\coding_files_2\java\evoGame\.metadata\.plugins\org.eclipse.swt\EBWebView\Default
2026-09-02 17:46:44.112: [INFO] Profiles total count: 1
2026-09-02 17:46:44.112: [INFO] Profile: name=Profile 1 path=C:\Users\Video\Documents\coding_files_2\java\evoGame\.metadata\.plugins\org.eclipse.swt\EBWebView\Default lastActive=null
2026-09-02 17:46:44.112: [INFO] LastUsedProfileDir: C:\Users\Video\Documents\coding_files_2\java\evoGame\.metadata\.plugins\org.eclipse.swt\EBWebView\Default
2026-09-02 17:46:44.112: [INFO] OnDoneLoading sync enabled: 0
2026-09-02 17:46:44.112: [INFO] BookmarkModelLoaded, ids_reassigned: 0
2026-09-02 17:46:44.112: [INFO] BookmarksLoadDropped droppedNodes=0
2026-09-02 17:46:44.112: [INFO] BookmarksSnapshot Startup total=0 bar=0 other=0 mobile=0 showBar=0 showBarNTP=1
2026-09-02 17:46:46.620: [INFO] BookmarksSnapshot Shutdown total=0 bar=0 other=0 mobile=0 showBar=0 showBarNTP=1
2026-09-02 17:47:11.138: [INFO] CurrentProfilePath: C:\Users\Video\Documents\coding_files_2\java\evoGame\.metadata\.plugins\org.eclipse.swt\EBWebView\Default
2026-09-02 17:47:11.138: [INFO] Profiles total count: 1
2026-09-02 17:47:11.138: [INFO] Profile: name=Profile 1 path=C:\Users\Video\Documents\coding_files_2\java\evoGame\.metadata\.plugins\org.eclipse.swt\EBWebView\Default lastActive=2026-09-02T17:46:44.450Z
2026-09-02 17:47:11.138: [INFO] LastUsedProfileDir: C:\Users\Video\Documents\coding_files_2\java\evoGame\.metadata\.plugins\org.eclipse.swt\EBWebView\Default
2026-09-02 17:47:11.138: [INFO] MostRecentlyActiveProfile: name=Profile 1 path=C:\Users\Video\Documents\coding_files_2\java\evoGame\.metadata\.plugins\org.eclipse.swt\EBWebView\Default lastActive=2026-09-02T17:46:44.450Z
2026-09-02 17:47:11.138: [INFO] OnDoneLoading sync enabled: 0
2026-09-02 17:47:11.138: [INFO] BookmarkModelLoaded, ids_reassigned: 0
2026-09-02 17:47:11.138: [INFO] BookmarksLoadDropped droppedNodes=0
2026-09-02 17:47:11.138: [INFO] BookmarksSnapshot Startup total=0 bar=0 other=0 mobile=0 showBar=0 showBarNTP=1
2026-09-02 17:48:04.695: [INFO] BookmarksSnapshot Shutdown total=0 bar=0 other=0 mobile=0 showBar=0 showBarNTP=1
2026-09-02 17:48:30.038: [INFO] CurrentProfilePath: C:\Users\Video\Documents\coding_files_2\java\evoGame\.metadata\.plugins\org.eclipse.swt\EBWebView\Default
2026-09-02 17:48:30.038: [INFO] Profiles total count: 1
2026-09-02 17:48:30.038: [INFO] Profile: name=Profile 1 path=C:\Users\Video\Documents\coding_files_2\java\evoGame\.metadata\.plugins\org.eclipse.swt\EBWebView\Default lastActive=2026-09-02T17:46:44.450Z
2026-09-02 17:48:30.038: [INFO] LastUsedProfileDir: C:\Users\Video\Documents\coding_files_2\java\evoGame\.metadata\.plugins\org.eclipse.swt\EBWebView\Default
2026-09-02 17:48:30.038: [INFO] MostRecentlyActiveProfile: name=Profile 1 path=C:\Users\Video\Documents\coding_files_2\java\evoGame\.metadata\.plugins\org.eclipse.swt\EBWebView\Default lastActive=2026-09-02T17:46:44.450Z
2026-09-02 17:48:30.038: [INFO] OnDoneLoading sync enabled: 0
2026-09-02 17:48:30.038: [INFO] BookmarkModelLoaded, ids_reassigned: 0
2026-09-02 17:48:30.038: [INFO] BookmarksLoadDropped droppedNodes=0
2026-09-02 17:48:30.038: [INFO] BookmarksSnapshot Startup total=0 bar=0 other=0 mobile=0 showBar=0 showBarNTP=1
2026-09-02 18:55:53.983: [INFO] BookmarksSnapshot Shutdown total=0 bar=0 other=0 mobile=0 showBar=0 showBarNTP=1
2026-09-02 18:56:16.454: [INFO] CurrentProfilePath: C:\Users\Video\Documents\coding_files_2\java\evoGame\.metadata\.plugins\org.eclipse.swt\EBWebView\Default
2026-09-02 18:56:16.454: [INFO] Profiles total count: 1
2026-09-02 18:56:16.454: [INFO] Profile: name=Profile 1 path=C:\Users\Video\Documents\coding_files_2\java\evoGame\.metadata\.plugins\org.eclipse.swt\EBWebView\Default lastActive=2026-09-02T17:46:44.450Z
2026-09-02 18:56:16.454: [INFO] LastUsedProfileDir: C:\Users\Video\Documents\coding_files_2\java\evoGame\.metadata\.plugins\org.eclipse.swt\EBWebView\Default
2026-09-02 18:56:16.454: [INFO] MostRecentlyActiveProfile: name=Profile 1 path=C:\Users\Video\Documents\coding_files_2\java\evoGame\.metadata\.plugins\org.eclipse.swt\EBWebView\Default lastActive=2026-09-02T17:46:44.450Z
2026-09-02 18:56:16.454: [INFO] OnDoneLoading sync enabled: 0
2026-09-02 18:56:16.454: [INFO] BookmarkModelLoaded, ids_reassigned: 0
2026-09-02 18:56:16.454: [INFO] BookmarksLoadDropped droppedNodes=0
2026-09-02 18:56:16.454: [INFO] BookmarksSnapshot Startup total=0 bar=0 other=0 mobile=0 showBar=0 showBarNTP=1
2026-09-02 18:56:20.087: [INFO] BookmarksSnapshot Shutdown total=0 bar=0 other=0 mobile=0 showBar=0 showBarNTP=1
2026-09-02 18:57:25.348: [INFO] CurrentProfilePath: C:\Users\Video\Documents\coding_files_2\java\evoGame\.metadata\.plugins\org.eclipse.swt\EBWebView\Default
2026-09-02 18:57:25.348: [INFO] Profiles total count: 1
2026-09-02 18:57:25.348: [INFO] Profile: name=Profile 1 path=C:\Users\Video\Documents\coding_files_2\java\evoGame\.metadata\.plugins\org.eclipse.swt\EBWebView\Default lastActive=2026-09-02T18:56:19.943Z
2026-09-02 18:57:25.348: [INFO] LastUsedProfileDir: C:\Users\Video\Documents\coding_files_2\java\evoGame\.metadata\.plugins\org.eclipse.swt\EBWebView\Default
2026-09-02 18:57:25.348: [INFO] MostRecentlyActiveProfile: name=Profile 1 path=C:\Users\Video\Documents\coding_files_2\java\evoGame\.metadata\.plugins\org.eclipse.swt\EBWebView\Default lastActive=2026-09-02T18:56:19.943Z
2026-09-02 18:57:25.348: [INFO] OnDoneLoading sync enabled: 0
2026-09-02 18:57:25.348: [INFO] BookmarkModelLoaded, ids_reassigned: 0
2026-09-02 18:57:25.348: [INFO] BookmarksLoadDropped droppedNodes=0
2026-09-02 18:57:25.348: [INFO] BookmarksSnapshot Startup total=0 bar=0 other=0 mobile=0 showBar=0 showBarNTP=1
2026-09-02 18:58:21.427: [INFO] BookmarksSnapshot Shutdown total=0 bar=0 other=0 mobile=0 showBar=0 showBarNTP=1
2026-09-02 19:02:11.521: [INFO] CurrentProfilePath: C:\Users\Video\Documents\coding_files_2\java\evoGame\.metadata\.plugins\org.eclipse.swt\EBWebView\Default
2026-09-02 19:02:11.521: [INFO] Profiles total count: 1
2026-09-02 19:02:11.521: [INFO] Profile: name=Profile 1 path=C:\Users\Video\Documents\coding_files_2\java\evoGame\.metadata\.plugins\org.eclipse.swt\EBWebView\Default lastActive=2026-09-02T18:56:19.943Z
2026-09-02 19:02:11.521: [INFO] LastUsedProfileDir: C:\Users\Video\Documents\coding_files_2\java\evoGame\.metadata\.plugins\org.eclipse.swt\EBWebView\Default
2026-09-02 19:02:11.521: [INFO] MostRecentlyActiveProfile: name=Profile 1 path=C:\Users\Video\Documents\coding_files_2\java\evoGame\.metadata\.plugins\org.eclipse.swt\EBWebView\Default lastActive=2026-09-02T18:56:19.943Z
2026-09-02 19:02:11.521: [INFO] OnDoneLoading sync enabled: 0
2026-09-02 19:02:11.521: [INFO] BookmarkModelLoaded, ids_reassigned: 0
2026-09-02 19:02:11.521: [INFO] BookmarksLoadDropped droppedNodes=0
2026-09-02 19:02:11.521: [INFO] BookmarksSnapshot Startup total=0 bar=0 other=0 mobile=0 showBar=0 showBarNTP=1
2026-09-02 19:02:15.831: [INFO] BookmarksSnapshot Shutdown total=0 bar=0 other=0 mobile=0 showBar=0 showBarNTP=1
2026-09-02 19:19:52.339: [INFO] CurrentProfilePath: C:\Users\Video\Documents\coding_files_2\java\evoGame\.metadata\.plugins\org.eclipse.swt\EBWebView\Default
2026-09-02 19:19:52.339: [INFO] Profiles total count: 1
2026-09-02 19:19:52.339: [INFO] Profile: name=Profile 1 path=C:\Users\Video\Documents\coding_files_2\java\evoGame\.metadata\.plugins\org.eclipse.swt\EBWebView\Default lastActive=2026-09-02T18:56:19.943Z
2026-09-02 19:19:52.339: [INFO] LastUsedProfileDir: C:\Users\Video\Documents\coding_files_2\java\evoGame\.metadata\.plugins\org.eclipse.swt\EBWebView\Default
2026-09-02 19:19:52.339: [INFO] MostRecentlyActiveProfile: name=Profile 1 path=C:\Users\Video\Documents\coding_files_2\java\evoGame\.metadata\.plugins\org.eclipse.swt\EBWebView\Default lastActive=2026-09-02T18:56:19.943Z
2026-09-02 19:19:52.339: [INFO] OnDoneLoading sync enabled: 0
2026-09-02 19:19:52.339: [INFO] BookmarkModelLoaded, ids_reassigned: 0
2026-09-02 19:19:52.339: [INFO] BookmarksLoadDropped droppedNodes=0
2026-09-02 19:19:52.339: [INFO] BookmarksSnapshot Startup total=0 bar=0 other=0 mobile=0 showBar=0 showBarNTP=1
2026-09-02 19:20:10.781: [INFO] BookmarksSnapshot Shutdown total=0 bar=0 other=0 mobile=0 showBar=0 showBarNTP=1
2026-09-02 19:20:30.414: [INFO] CurrentProfilePath: C:\Users\Video\Documents\coding_files_2\java\evoGame\.metadata\.plugins\org.eclipse.swt\EBWebView\Default
2026-09-02 19:20:30.414: [INFO] Profiles total count: 1
2026-09-02 19:20:30.414: [INFO] Profile: name=Profile 1 path=C:\Users\Video\Documents\coding_files_2\java\evoGame\.metadata\.plugins\org.eclipse.swt\EBWebView\Default lastActive=2026-09-02T18:56:19.943Z
2026-09-02 19:20:30.414: [INFO] LastUsedProfileDir: C:\Users\Video\Documents\coding_files_2\java\evoGame\.metadata\.plugins\org.eclipse.swt\EBWebView\Default
2026-09-02 19:20:30.414: [INFO] MostRecentlyActiveProfile: name=Profile 1 path=C:\Users\Video\Documents\coding_files_2\java\evoGame\.metadata\.plugins\org.eclipse.swt\EBWebView\Default lastActive=2026-09-02T18:56:19.943Z
2026-09-02 19:20:30.414: [INFO] OnDoneLoading sync enabled: 0
2026-09-02 19:20:30.414: [INFO] BookmarkModelLoaded, ids_reassigned: 0
2026-09-02 19:20:30.414: [INFO] BookmarksLoadDropped droppedNodes=0
2026-09-02 19:20:30.414: [INFO] BookmarksSnapshot Startup total=0 bar=0 other=0 mobile=0 showBar=0 showBarNTP=1
2026-09-02 21:15:24.798: [INFO] BookmarksSnapshot Shutdown total=0 bar=0 other=0 mobile=0 showBar=0 showBarNTP=1
2026-09-02 21:15:39.506: [INFO] CurrentProfilePath: C:\Users\Video\Documents\coding_files_2\java\evoGame\.metadata\.plugins\org.eclipse.swt\EBWebView\Default
2026-09-02 21:15:39.506: [INFO] Profiles total count: 1
2026-09-02 21:15:39.506: [INFO] Profile: name=Profile 1 path=C:\Users\Video\Documents\coding_files_2\java\evoGame\.metadata\.plugins\org.eclipse.swt\EBWebView\Default lastActive=2026-09-02T18:56:19.943Z
2026-09-02 21:15:39.506: [INFO] LastUsedProfileDir: C:\Users\Video\Documents\coding_files_2\java\evoGame\.metadata\.plugins\org.eclipse.swt\EBWebView\Default
2026-09-02 21:15:39.506: [INFO] MostRecentlyActiveProfile: name=Profile 1 path=C:\Users\Video\Documents\coding_files_2\java\evoGame\.metadata\.plugins\org.eclipse.swt\EBWebView\Default lastActive=2026-09-02T18:56:19.943Z
2026-09-02 21:15:39.506: [INFO] OnDoneLoading sync enabled: 0
2026-09-02 21:15:39.506: [INFO] BookmarkModelLoaded, ids_reassigned: 0
2026-09-02 21:15:39.506: [INFO] BookmarksLoadDropped droppedNodes=0
2026-09-02 21:15:39.506: [INFO] BookmarksSnapshot Startup total=0 bar=0 other=0 mobile=0 showBar=0 showBarNTP=1
2026-09-02 21:20:50.522: [INFO] BookmarksSnapshot Shutdown total=0 bar=0 other=0 mobile=0 showBar=0 showBarNTP=1
2026-09-02 21:22:27.239: [INFO] CurrentProfilePath: C:\Users\Video\Documents\coding_files_2\java\evoGame\.metadata\.plugins\org.eclipse.swt\EBWebView\Default
2026-09-02 21:22:27.239: [INFO] Profiles total count: 1
2026-09-02 21:22:27.239: [INFO] Profile: name=Profile 1 path=C:\Users\Video\Documents\coding_files_2\java\evoGame\.metadata\.plugins\org.eclipse.swt\EBWebView\Default lastActive=2026-09-02T18:56:19.943Z
2026-09-02 21:22:27.239: [INFO] LastUsedProfileDir: C:\Users\Video\Documents\coding_files_2\java\evoGame\.metadata\.plugins\org.eclipse.swt\EBWebView\Default
2026-09-02 21:22:27.239: [INFO] MostRecentlyActiveProfile: name=Profile 1 path=C:\Users\Video\Documents\coding_files_2\java\evoGame\.metadata\.plugins\org.eclipse.swt\EBWebView\Default lastActive=2026-09-02T18:56:19.943Z
2026-09-02 21:22:27.239: [INFO] OnDoneLoading sync enabled: 0
2026-09-02 21:22:27.239: [INFO] BookmarkModelLoaded, ids_reassigned: 0
2026-09-02 21:22:27.239: [INFO] BookmarksLoadDropped droppedNodes=0
2026-09-02 21:22:27.239: [INFO] BookmarksSnapshot Startup total=0 bar=0 other=0 mobile=0 showBar=0 showBarNTP=1
2026-09-02 21:28:40.366: [INFO] BookmarksSnapshot Shutdown total=0 bar=0 other=0 mobile=0 showBar=0 showBarNTP=1
2026-09-02 21:31:27.519: [INFO] CurrentProfilePath: C:\Users\Video\Documents\coding_files_2\java\evoGame\.metadata\.plugins\org.eclipse.swt\EBWebView\Default
2026-09-02 21:31:27.519: [INFO] Profiles total count: 1
2026-09-02 21:31:27.519: [INFO] Profile: name=Profile 1 path=C:\Users\Video\Documents\coding_files_2\java\evoGame\.metadata\.plugins\org.eclipse.swt\EBWebView\Default lastActive=2026-09-02T18:56:19.943Z
2026-09-02 21:31:27.519: [INFO] LastUsedProfileDir: C:\Users\Video\Documents\coding_files_2\java\evoGame\.metadata\.plugins\org.eclipse.swt\EBWebView\Default
2026-09-02 21:31:27.519: [INFO] MostRecentlyActiveProfile: name=Profile 1 path=C:\Users\Video\Documents\coding_files_2\java\evoGame\.metadata\.plugins\org.eclipse.swt\EBWebView\Default lastActive=2026-09-02T18:56:19.943Z
2026-09-02 21:31:27.519: [INFO] OnDoneLoading sync enabled: 0
2026-09-02 21:31:27.519: [INFO] BookmarkModelLoaded, ids_reassigned: 0
2026-09-02 21:31:27.519: [INFO] BookmarksLoadDropped droppedNodes=0
2026-09-02 21:31:27.519: [INFO] BookmarksSnapshot Startup total=0 bar=0 other=0 mobile=0 showBar=0 showBarNTP=1
2026-09-02 21:31:27.611: [INFO] BookmarksSnapshot Shutdown total=0 bar=0 other=0 mobile=0 showBar=0 showBarNTP=1
2026-09-02 21:38:15.755: [INFO] CurrentProfilePath: C:\Users\Video\Documents\coding_files_2\java\evoGame\.metadata\.plugins\org.eclipse.swt\EBWebView\Default
2026-09-02 21:38:15.755: [INFO] Profiles total count: 1
2026-09-02 21:38:15.755: [INFO] Profile: name=Profile 1 path=C:\Users\Video\Documents\coding_files_2\java\evoGame\.metadata\.plugins\org.eclipse.swt\EBWebView\Default lastActive=2026-09-02T18:56:19.943Z
2026-09-02 21:38:15.755: [INFO] LastUsedProfileDir: C:\Users\Video\Documents\coding_files_2\java\evoGame\.metadata\.plugins\org.eclipse.swt\EBWebView\Default
2026-09-02 21:38:15.755: [INFO] MostRecentlyActiveProfile: name=Profile 1 path=C:\Users\Video\Documents\coding_files_2\java\evoGame\.metadata\.plugins\org.eclipse.swt\EBWebView\Default lastActive=2026-09-02T18:56:19.943Z
2026-09-02 21:38:15.755: [INFO] OnDoneLoading sync enabled: 0
2026-09-02 21:38:15.755: [INFO] BookmarkModelLoaded, ids_reassigned: 0
2026-09-02 21:38:15.755: [INFO] BookmarksLoadDropped droppedNodes=0
2026-09-02 21:38:15.755: [INFO] BookmarksSnapshot Startup total=0 bar=0 other=0 mobile=0 showBar=0 showBarNTP=1
2026-09-02 21:38:21.036: [INFO] BookmarksSnapshot Shutdown total=0 bar=0 other=0 mobile=0 showBar=0 showBarNTP=1
2026-09-02 21:52:08.476: [INFO] CurrentProfilePath: C:\Users\Video\Documents\coding_files_2\java\evoGame\.metadata\.plugins\org.eclipse.swt\EBWebView\Default
2026-09-02 21:52:08.476: [INFO] Profiles total count: 1
2026-09-02 21:52:08.476: [INFO] Profile: name=Profile 1 path=C:\Users\Video\Documents\coding_files_2\java\evoGame\.metadata\.plugins\org.eclipse.swt\EBWebView\Default lastActive=2026-09-02T18:56:19.943Z
2026-09-02 21:52:08.476: [INFO] LastUsedProfileDir: C:\Users\Video\Documents\coding_files_2\java\evoGame\.metadata\.plugins\org.eclipse.swt\EBWebView\Default
2026-09-02 21:52:08.476: [INFO] MostRecentlyActiveProfile: name=Profile 1 path=C:\Users\Video\Documents\coding_files_2\java\evoGame\.metadata\.plugins\org.eclipse.swt\EBWebView\Default lastActive=2026-09-02T18:56:19.943Z
2026-09-02 21:52:08.476: [INFO] OnDoneLoading sync enabled: 0
2026-09-02 21:52:08.476: [INFO] BookmarkModelLoaded, ids_reassigned: 0
2026-09-02 21:52:08.476: [INFO] BookmarksLoadDropped droppedNodes=0
2026-09-02 21:52:08.476: [INFO] BookmarksSnapshot Startup total=0 bar=0 other=0 mobile=0 showBar=0 showBarNTP=1
2026-09-02 21:52:23.365: [INFO] BookmarksSnapshot Shutdown total=0 bar=0 other=0 mobile=0 showBar=0 showBarNTP=1
2026-09-02 21:52:57.909: [INFO] CurrentProfilePath: C:\Users\Video\Documents\coding_files_2\java\evoGame\.metadata\.plugins\org.eclipse.swt\EBWebView\Default
2026-09-02 21:52:57.909: [INFO] Profiles total count: 1
2026-09-02 21:52:57.909: [INFO] Profile: name=Profile 1 path=C:\Users\Video\Documents\coding_files_2\java\evoGame\.metadata\.plugins\org.eclipse.swt\EBWebView\Default lastActive=2026-09-02T18:56:19.943Z
2026-09-02 21:52:57.909: [INFO] LastUsedProfileDir: C:\Users\Video\Documents\coding_files_2\java\evoGame\.metadata\.plugins\org.eclipse.swt\EBWebView\Default
2026-09-02 21:52:57.909: [INFO] MostRecentlyActiveProfile: name=Profile 1 path=C:\Users\Video\Documents\coding_files_2\java\evoGame\.metadata\.plugins\org.eclipse.swt\EBWebView\Default lastActive=2026-09-02T18:56:19.943Z
2026-09-02 21:52:57.909: [INFO] OnDoneLoading sync enabled: 0
2026-09-02 21:52:57.909: [INFO] BookmarkModelLoaded, ids_reassigned: 0
2026-09-02 21:52:57.909: [INFO] BookmarksLoadDropped droppedNodes=0
2026-09-02 21:52:57.909: [INFO] BookmarksSnapshot Startup total=0 bar=0 other=0 mobile=0 showBar=0 showBarNTP=1
2026-09-02 21:54:18.060: [INFO] BookmarksSnapshot Shutdown total=0 bar=0 other=0 mobile=0 showBar=0 showBarNTP=1
2026-09-02 21:56:01.243: [INFO] CurrentProfilePath: C:\Users\Video\Documents\coding_files_2\java\evoGame\.metadata\.plugins\org.eclipse.swt\EBWebView\Default
2026-09-02 21:56:01.243: [INFO] Profiles total count: 1
2026-09-02 21:56:01.243: [INFO] Profile: name=Profile 1 path=C:\Users\Video\Documents\coding_files_2\java\evoGame\.metadata\.plugins\org.eclipse.swt\EBWebView\Default lastActive=2026-09-02T18:56:19.943Z
2026-09-02 21:56:01.243: [INFO] LastUsedProfileDir: C:\Users\Video\Documents\coding_files_2\java\evoGame\.metadata\.plugins\org.eclipse.swt\EBWebView\Default
2026-09-02 21:56:01.243: [INFO] MostRecentlyActiveProfile: name=Profile 1 path=C:\Users\Video\Documents\coding_files_2\java\evoGame\.metadata\.plugins\org.eclipse.swt\EBWebView\Default lastActive=2026-09-02T18:56:19.943Z
2026-09-02 21:56:01.243: [INFO] OnDoneLoading sync enabled: 0
2026-09-02 21:56:01.243: [INFO] BookmarkModelLoaded, ids_reassigned: 0
2026-09-02 21:56:01.243: [INFO] BookmarksLoadDropped droppedNodes=0
2026-09-02 21:56:01.243: [INFO] BookmarksSnapshot Startup total=0 bar=0 other=0 mobile=0 showBar=0 showBarNTP=1
2026-09-02 22:49:51.958: [INFO] BookmarksSnapshot Shutdown total=0 bar=0 other=0 mobile=0 showBar=0 showBarNTP=1
2026-09-02 23:03:21.503: [INFO] CurrentProfilePath: C:\Users\Video\Documents\coding_files_2\java\evoGame\.metadata\.plugins\org.eclipse.swt\EBWebView\Default
2026-09-02 23:03:21.503: [INFO] Profiles total count: 1
2026-09-02 23:03:21.503: [INFO] Profile: name=Profile 1 path=C:\Users\Video\Documents\coding_files_2\java\evoGame\.metadata\.plugins\org.eclipse.swt\EBWebView\Default lastActive=2026-09-02T18:56:19.943Z
2026-09-02 23:03:21.503: [INFO] LastUsedProfileDir: C:\Users\Video\Documents\coding_files_2\java\evoGame\.metadata\.plugins\org.eclipse.swt\EBWebView\Default
2026-09-02 23:03:21.503: [INFO] MostRecentlyActiveProfile: name=Profile 1 path=C:\Users\Video\Documents\coding_files_2\java\evoGame\.metadata\.plugins\org.eclipse.swt\EBWebView\Default lastActive=2026-09-02T18:56:19.943Z
2026-09-02 23:03:21.503: [INFO] OnDoneLoading sync enabled: 0
2026-09-02 23:03:21.503: [INFO] BookmarkModelLoaded, ids_reassigned: 0
2026-09-02 23:03:21.503: [INFO] BookmarksLoadDropped droppedNodes=0
2026-09-02 23:03:21.503: [INFO] BookmarksSnapshot Startup total=0 bar=0 other=0 mobile=0 showBar=0 showBarNTP=1
2026-09-02 23:16:01.565: [INFO] BookmarksSnapshot Shutdown total=0 bar=0 other=0 mobile=0 showBar=0 showBarNTP=1
2026-09-02 23:18:26.980: [INFO] CurrentProfilePath: C:\Users\Video\Documents\coding_files_2\java\evoGame\.metadata\.plugins\org.eclipse.swt\EBWebView\Default
2026-09-02 23:18:26.980: [INFO] Profiles total count: 1
2026-09-02 23:18:26.980: [INFO] Profile: name=Profile 1 path=C:\Users\Video\Documents\coding_files_2\java\evoGame\.metadata\.plugins\org.eclipse.swt\EBWebView\Default lastActive=2026-09-02T18:56:19.943Z
2026-09-02 23:18:26.980: [INFO] LastUsedProfileDir: C:\Users\Video\Documents\coding_files_2\java\evoGame\.metadata\.plugins\org.eclipse.swt\EBWebView\Default
2026-09-02 23:18:26.980: [INFO] MostRecentlyActiveProfile: name=Profile 1 path=C:\Users\Video\Documents\coding_files_2\java\evoGame\.metadata\.plugins\org.eclipse.swt\EBWebView\Default lastActive=2026-09-02T18:56:19.943Z
2026-09-02 23:18:26.980: [INFO] OnDoneLoading sync enabled: 0
2026-09-02 23:18:26.980: [INFO] BookmarkModelLoaded, ids_reassigned: 0
2026-09-02 23:18:26.980: [INFO] BookmarksLoadDropped droppedNodes=0
2026-09-02 23:18:26.980: [INFO] BookmarksSnapshot Startup total=0 bar=0 other=0 mobile=0 showBar=0 showBarNTP=1
2026-09-03 00:42:20.270: [INFO] BookmarksSnapshot Shutdown total=0 bar=0 other=0 mobile=0 showBar=0 showBarNTP=1
